


ARM Macro Assembler    Page 1 


    1 00000000                 PRESERVE8
    2 00000000                 THUMB
    3 00000000         
    4 00000000                 export           GestionSon_callback
    5 00000000         
    6 00000000         ; ====================== zone de réservation de données,
                         ======================================
    7 00000000         ;Section RAM (read only) :
    8 00000000                 area             mesdata,data,readonly
    9 00000000         
   10 00000000         
   11 00000000         ;Section RAM (read write):
   12 00000000                 area             maram,data,readwrite
   13 00000000 00000000 
                       GestionSon_Index
                               dcd              0
   14 00000004         
   15 00000004         
   16 00000004         ; ======================================================
                       =========================================
   17 00000004         
   18 00000004         
   19 00000004         
   20 00000004         
   21 00000004         ;Section ROM code (read only) :  
   22 00000004                 area             moncode,code,readonly
   23 00000000         ; écrire le code ici  
   24 00000000         
   25 00000000         GestionSon_callback
                               proc
   26 00000000         
   27 00000000 4902            ldr              R1, =GestionSon_Index
   28 00000002 6808            ldr              R0, [R1]
   29 00000004 3001            adds             R0, #1
   30 00000006 6008            str              R0, [R1]
   31 00000008 4770            bx               lr
   32 0000000A         
   33 0000000A                 endp
   34 0000000A         
   35 0000000A         
   36 0000000A         
   37 0000000A                 END
              00 00 00000000 
Command Line: --debug --xref --diag_suppress=9931 --cpu=Cortex-M3 --apcs=interw
ork --depend=.\obj\gestionson.d -o.\obj\gestionson.o -I.\RTE\_Simu -IC:\Program
data\Keil\Arm\Packs\ARM\CMSIS\5.7.0\CMSIS\Core\Include -IC:\Programdata\Keil\Ar
m\Packs\Keil\STM32F1xx_DFP\2.3.0\Device\Include --predefine="__EVAL SETA 1" --p
redefine="__MICROLIB SETA 1" --predefine="__UVISION_VERSION SETA 534" --predefi
ne="_RTE_ SETA 1" --predefine="STM32F10X_MD SETA 1" --predefine="_RTE_ SETA 1" 
--list=gestionson.lst GestionSon\GestionSon.s



ARM Macro Assembler    Page 1 Alphabetic symbol ordering
Relocatable symbols

mesdata 00000000

Symbol: mesdata
   Definitions
      At line 8 in file GestionSon\GestionSon.s
   Uses
      None
Comment: mesdata unused
1 symbol



ARM Macro Assembler    Page 1 Alphabetic symbol ordering
Relocatable symbols

GestionSon_Index 00000000

Symbol: GestionSon_Index
   Definitions
      At line 13 in file GestionSon\GestionSon.s
   Uses
      At line 27 in file GestionSon\GestionSon.s
Comment: GestionSon_Index used once
maram 00000000

Symbol: maram
   Definitions
      At line 12 in file GestionSon\GestionSon.s
   Uses
      None
Comment: maram unused
2 symbols



ARM Macro Assembler    Page 1 Alphabetic symbol ordering
Relocatable symbols

GestionSon_callback 00000000

Symbol: GestionSon_callback
   Definitions
      At line 25 in file GestionSon\GestionSon.s
   Uses
      At line 4 in file GestionSon\GestionSon.s
Comment: GestionSon_callback used once
moncode 00000000

Symbol: moncode
   Definitions
      At line 22 in file GestionSon\GestionSon.s
   Uses
      None
Comment: moncode unused
2 symbols
342 symbols in table
