


ARM Macro Assembler    Page 1 


    1 00000000                 PRESERVE8
    2 00000000                 THUMB
    3 00000000         
    4 00000000         ;include ServiceJeuLaser.inc
    5 00000000         
    6 00000000                 export           GestionSon_callback
    7 00000000                 export           SortieSon
    8 00000000                 export           GestionSon_Start
    9 00000000                 import           LongueurSon
   10 00000000                 import           PWM_Set_Value_TIM3_Ch3
   11 00000000                 import           Son
   12 00000000         
   13 00000000         
   14 00000000         ; ====================== zone de réservation de données,
                         ======================================
   15 00000000         ;Section RAM (read only) :
   16 00000000                 area             mesdata,data,readonly
   17 00000000         
   18 00000000         
   19 00000000         ;Section RAM (read write):
   20 00000000                 area             maram,data,readwrite
   21 00000000 00000000 
                       GestionSon_Index
                               dcd              0
   22 00000004 00000000 
                       SortieSon
                               dcd              0
   23 00000008         
   24 00000008         
   25 00000008         ; ======================================================
                       =========================================
   26 00000008         
   27 00000008         
   28 00000008         
   29 00000008         
   30 00000008         ;Section ROM code (read only) :  
   31 00000008                 area             moncode,code,readonly
   32 00000000         ; écrire le code ici  
   33 00000000         
   34 00000000         GestionSon_callback
                               proc
   35 00000000         
   36 00000000 4912            ldr              R1, =GestionSon_Index
   37 00000002         
   38 00000002         
   39 00000002 4A13            ldr              R2, =LongueurSon
   40 00000004 6808            ldr              R0, [R1]
   41 00000006 6813            ldr              R3, [R2]
   42 00000008 4298            cmp              R0,R3
   43 0000000A DD00            ble              echelle
   44 0000000C         
   45 0000000C E017            b                fin
   46 0000000E         
   47 0000000E         echelle
   48 0000000E 4B11            ldr              R3, =Son
   49 00000010 F933 0010       ldrsh            R0, [R3,R0,lsl #1]
   50 00000014 F04F 0200       mov              R2, #0
   51 00000018 F500 4200       add              R2, R0, #32768
   52 0000001C F240 23CF       mov              R3, #719



ARM Macro Assembler    Page 2 


   53 00000020 FB02 F203       mul              R2, R3
   54 00000024 EA4F 4222       asr              R2, #16
   55 00000028         
   56 00000028 4B0B            ldr              R3, =SortieSon
   57 0000002A 601A            str              R2,[R3]
   58 0000002C         ;str R0, [R3]
   59 0000002C 4610            mov              R0, R2
   60 0000002E B502            push             {lr, R1}
   61 00000030 F7FF FFFE       bl               PWM_Set_Value_TIM3_Ch3
   62 00000034 E8BD 4002       pop              {lr, R1}
   63 00000038         
   64 00000038         
   65 00000038 6808            ldr              R0, [R1]
   66 0000003A 3001            adds             R0, #1
   67 0000003C 6008            str              R0, [R1]
   68 0000003E         
   69 0000003E         
   70 0000003E         fin
   71 0000003E 4770            bx               lr
   72 00000040                 endp
   73 00000040         
   74 00000040         
   75 00000040         GestionSon_Start
                               proc
   76 00000040 4A02            ldr              R2, =GestionSon_Index
   77 00000042 F04F 0100       mov              R1, #0
   78 00000046 6011            str              R1, [R2]
   79 00000048 4770            bx               lr
   80 0000004A                 endp
   81 0000004A         
   82 0000004A         
   83 0000004A         
   84 0000004A                 END
              00 00 00000000 
              00000000 
              00000000 
              00000000 
Command Line: --debug --xref --diag_suppress=9931 --cpu=Cortex-M3 --apcs=interw
ork --depend=.\obj\gestionson.d -o.\obj\gestionson.o -IU:\3A\CHTI\CHTI\PjetKEL_
GestionSon\Driver -I.\RTE\_Simu -IC:\Programdata\Keil\Arm\Packs\ARM\CMSIS\5.7.0
\CMSIS\Core\Include -IC:\Programdata\Keil\Arm\Packs\Keil\STM32F1xx_DFP\2.3.0\De
vice\Include --predefine="__EVAL SETA 1" --predefine="__MICROLIB SETA 1" --pred
efine="__UVISION_VERSION SETA 534" --predefine="_RTE_ SETA 1" --predefine="STM3
2F10X_MD SETA 1" --predefine="_RTE_ SETA 1" --list=gestionson.lst GestionSon\Ge
stionSon.s



ARM Macro Assembler    Page 1 Alphabetic symbol ordering
Relocatable symbols

mesdata 00000000

Symbol: mesdata
   Definitions
      At line 16 in file GestionSon\GestionSon.s
   Uses
      None
Comment: mesdata unused
1 symbol



ARM Macro Assembler    Page 1 Alphabetic symbol ordering
Relocatable symbols

GestionSon_Index 00000000

Symbol: GestionSon_Index
   Definitions
      At line 21 in file GestionSon\GestionSon.s
   Uses
      At line 36 in file GestionSon\GestionSon.s
      At line 76 in file GestionSon\GestionSon.s

SortieSon 00000004

Symbol: SortieSon
   Definitions
      At line 22 in file GestionSon\GestionSon.s
   Uses
      At line 7 in file GestionSon\GestionSon.s
      At line 56 in file GestionSon\GestionSon.s

maram 00000000

Symbol: maram
   Definitions
      At line 20 in file GestionSon\GestionSon.s
   Uses
      None
Comment: maram unused
3 symbols



ARM Macro Assembler    Page 1 Alphabetic symbol ordering
Relocatable symbols

GestionSon_Start 00000040

Symbol: GestionSon_Start
   Definitions
      At line 75 in file GestionSon\GestionSon.s
   Uses
      At line 8 in file GestionSon\GestionSon.s
Comment: GestionSon_Start used once
GestionSon_callback 00000000

Symbol: GestionSon_callback
   Definitions
      At line 34 in file GestionSon\GestionSon.s
   Uses
      At line 6 in file GestionSon\GestionSon.s
Comment: GestionSon_callback used once
echelle 0000000E

Symbol: echelle
   Definitions
      At line 47 in file GestionSon\GestionSon.s
   Uses
      At line 43 in file GestionSon\GestionSon.s
Comment: echelle used once
fin 0000003E

Symbol: fin
   Definitions
      At line 70 in file GestionSon\GestionSon.s
   Uses
      At line 45 in file GestionSon\GestionSon.s
Comment: fin used once
moncode 00000000

Symbol: moncode
   Definitions
      At line 31 in file GestionSon\GestionSon.s
   Uses
      None
Comment: moncode unused
5 symbols



ARM Macro Assembler    Page 1 Alphabetic symbol ordering
External symbols

LongueurSon 00000000

Symbol: LongueurSon
   Definitions
      At line 9 in file GestionSon\GestionSon.s
   Uses
      At line 39 in file GestionSon\GestionSon.s
Comment: LongueurSon used once
PWM_Set_Value_TIM3_Ch3 00000000

Symbol: PWM_Set_Value_TIM3_Ch3
   Definitions
      At line 10 in file GestionSon\GestionSon.s
   Uses
      At line 61 in file GestionSon\GestionSon.s
Comment: PWM_Set_Value_TIM3_Ch3 used once
Son 00000000

Symbol: Son
   Definitions
      At line 11 in file GestionSon\GestionSon.s
   Uses
      At line 48 in file GestionSon\GestionSon.s
Comment: Son used once
3 symbols
349 symbols in table
